一 ISCSI共享存储
internet SCSI 网络SCSI接口
----一种基于c/s构架的虚拟磁盘技术
---服务器提供磁盘空间，客户机连接并当成本地磁盘使用

默认端口：3260

ISCSI Qualified Name (iqn)命名规范
-- iqn-yyyy-mm.倒序域名：自定义标示
--  用来识别target，磁盘组,也用来识别客户机的身份

-backstore,后端存储
对应到服务端提供实际存储空间的设备，需要起一个管理名称
-target，磁盘组
是客户端的访问目标，作为一个框架，由多个lun组成
-lun，逻辑单元
每一个lun需要关联到某一个后端存储设备，在客户端会视为一块虚拟硬盘


配置文件
/etc/target/saveconfig.json

【服务端】：
1.划分新的分区
[root@server0 /]#fdisk /dev/vdb
2.安装targetcli
[root@server0 /]# yum -y install targetcli

3.运行targetcli可以在交互式界面，配置SCSI共享存储
[root@server0 /]# targetcli

1)创建与命名后端存储
/> backstores/block create name=nsd dev=/dev/vdb1 
    后端存储      块设备
2)创建target，磁盘组
/> iscsi/ create iqn.2018-09.com.example.server0

3)lun，逻辑单元
/> iscsi/iqn.2018-09.com.example.server0/tpg1/luns create /backstores/block/nsd 

4）配置访问控制,设置客户端声称的名字
/> iscsi/iqn.2018-09.com.example.server0/tpg1/acls create iqn.2018-09.com.example:desktop0

5）客户端访问本机的ip地址及端口(端口默认：3260)
/> iscsi/iqn.2018-09.com.example.server0/tpg1/portals create 172.25.0.11

4.重启服务
[root@server0 /]# systemctl restart target
[root@server0 /]# systemctl enable target


【客户端】
1.安装软件 iscsi-initiator-utils
yum安装能够补全包名：
  --前提由yum的缓存（yum repolist）
  --当前系统没有安装才可以补全

2.修改配置文件，用来
位置：vim /etc/iscsi/initiatorname.iscsi 
InitiatorName=iqn.2018-09.com.example:desktop0

3.重启刷新配置文件
[root@server0 /]# systemctl restart iscsid

4.识别发现共享存储
1）书写发现的命令
man iscsiadm  进入搜索 大写example
Ctrl+- ：放小字体

2)运行命令
[root@desktop0 ~]# iscsiadm --mode discoverydb --type sendtargets --portal 172.25.0.11 --discover
172.25.0.11:3260,1 iqn.2018-09.com.example.server0  #出现此命令则成功

3)本机识别服务共享
[root@server0 /]# systemctl restart iscsid

4）分区，格式化，挂载
[root@server0 /]#fdisk 设备路径
[root@server0 /]#mkfs.文件类型  设备名(要写详细路径)
[root@server0 /]#vim /etc/fstab

二 数据库
1.基础
数据库：存放数据的仓库
--社区开源版-MariaDB
--甲骨文的-oracle mysql
-IBM的DB2
-微软的sqlserver

1)MariaDB
mariadb-server:提供服务端有关的系统程序
[root@server0 /]# yum -y install mariadb-server

2)重启服务
[root@server0 /]# systemctl restart mariadb
[root@server0 /]# systemctl enable mariadb

2.简单的使用

1)[root@server0 /]# mysql

2）命令
MariaDB [(none)]> show databases;   #查看所有数据库
MariaDB [(none)]> create database nsd1808;  #建库
MariaDB [(none)]> drop database nsd1808;    #删库
MariaDB [(none)]> exit      #退出数据库
3）格式                      无空格
mysqladmin [-u 用户名] [-p旧密码] passwd '新密码'  #设置密码
例子：[root@server0 /]# mysqladmin -u root password '123'

[root@server0 /]# mysql -u root -p   #交互式登陆数据库
[root@server0 /]# mysql -u root -p密码   #非交互式登陆
例子：[root@server0 /]# mysql -u root -p123


4)主配置文件
/etc/my.conf

5)进行表格操作
----查看表格字段
desc 表格名

----单表查询
格式：
select 字段名... from 表名 [where 条件.........];
例子：
select * from base ;

MariaDB [mysql]> select * from nsd.base;
当前在mysql库里想要查询库nsd中的表base   库名.表名
----多表查询
格式：
select table1.字段名(可多个)，table2.字段名(可有多个).... from table1,table2... [where 条件.......];
提示--要是单表中的字段是特有的可省略表名，可直接写字段名
例子：


----插入
insert into 表名(表字段名1，表字段名2....)values(值1，值2,......);
例子
MariaDB [jluo]> insert into student(id,name,age)values(1,'jack',18);

----删除
delete from 表名 [where 条件....]
例子
delete from base where id=1;
----修改
格式：
update 表名 set 字段名=值..... [where 条件....];
例子：
update student set name='小强',age=18 where id=1400;

6）数据库的授权
--GRANT 权限列表 ON 数据库名.表名 TO 用户名@客户机地址 IDENTIFIED BY ‘密码’
例子：
MariaDB [nsd]> grand select on nsd.* to lisi@localhost identified by '123';

7)禁止空密码登陆
flush privileges  :刷新数据库所有策略
----删除user表中密码为空的用户，需刷新数据库(flush privileges)
测试：
[root@server0 /]# mysql -u root -h 127.0.0.1
ERROR 1045 (28000): Access denied for user 'root'@'localhost' (using password: NO)



















































































